******************************************************************************
                  TI ARM Linker PC v18.12.5                    
******************************************************************************
>> Linked Sat Jun 13 23:03:21 2020

OUTPUT FILE NAME:   <control-project.out>
ENTRY POINT SYMBOL: "_c_int00_noargs"  address: 00000a05


MEMORY CONFIGURATION

         name            origin    length      used     unused   attr    fill
----------------------  --------  ---------  --------  --------  ----  --------
  FLASH                 00000000   00040000  00000ac8  0003f538  R  X
  SRAM                  20000000   00008000  0000022c  00007dd4  RW X


SEGMENT ALLOCATION MAP

run origin  load origin   length   init length attrs members
----------  ----------- ---------- ----------- ----- -------
00000000    00000000    00000acc   00000acc    r-x
  00000000    00000000    0000026c   0000026c    r-- .intvecs
  0000026c    0000026c    00000804   00000804    r-x .text
  00000a70    00000a70    00000044   00000044    r-- .const
  00000ab8    00000ab8    00000014   00000014    r-- .cinit
20000000    20000000    0000022c   00000000    rw-
  20000000    20000000    00000200   00000000    rw- .stack
  20000200    20000200    0000002c   00000000    rw- .bss


SECTION ALLOCATION MAP

 output                                  attributes/
section   page    origin      length       input sections
--------  ----  ----------  ----------   ----------------
.intvecs   0    00000000    0000026c     
                  00000000    0000026c     tm4c123gh6pm_startup_ccs.obj (.intvecs)

.text      0    0000026c    00000804     
                  0000026c    000002f0     UART.obj (.text)
                  0000055c    000001f8     main.obj (.text)
                  00000754    00000150     simulate.obj (.text)
                  000008a4    00000086     rtsv7M4_T_le_v4SPD16_eabi.lib : fd_cmp_t2.asm.obj (.text:__aeabi_cdrcmple)
                  0000092a    0000005e                                   : i_divt2.asm.obj (.text)
                  00000988    00000044                                   : autoinit.c.obj (.text:__TI_auto_init_nobinit_nopinit:__TI_auto_init_nobinit_nopinit)
                  000009cc    00000038                                   : fs_tod_t2.asm.obj (.text)
                  00000a04    00000034                                   : boot_cortex_m.c.obj (.text:_c_int00_noargs:_c_int00_noargs)
                  00000a38    0000001c                                   : copy_zero_init.c.obj (.text:decompress:ZI:__TI_zero_init_nomemset:__TI_zero_init_nomemset)
                  00000a54    0000000c     tm4c123gh6pm_startup_ccs.obj (.text)
                  00000a60    00000006     driverlib.lib : sysctl.obj (.text:SysCtlDelay)
                  00000a66    00000004     rtsv7M4_T_le_v4SPD16_eabi.lib : pre_init.c.obj (.text:_system_pre_init)
                  00000a6a    00000004                                   : exit.c.obj (.text:abort:abort)
                  00000a6e    00000002                                   : div0.asm.obj (.text)

.const     0    00000a70    00000044     
                  00000a70    00000010     output_tf.obj (.const:den_ur)
                  00000a80    00000010     output_tf.obj (.const:num_ur)
                  00000a90    0000000c     output_tf.obj (.const:den_cr)
                  00000a9c    0000000c     output_tf.obj (.const:num_cr)
                  00000aa8    0000000c     output_tf.obj (.const)

.cinit     0    00000ab8    00000014     
                  00000ab8    00000008     (.cinit..bss.load) [load image, compression = zero_init]
                  00000ac0    00000004     (__TI_handler_table)
                  00000ac4    00000008     (__TI_cinit_table)

.init_array 
*          0    00000000    00000000     UNINITIALIZED

.bss       0    20000200    0000002c     UNINITIALIZED
                  20000200    00000010     (.common:r)
                  20000210    00000010     (.common:u)
                  20000220    0000000c     (.common:c)

.stack     0    20000000    00000200     UNINITIALIZED
                  20000000    00000004     rtsv7M4_T_le_v4SPD16_eabi.lib : boot_cortex_m.c.obj (.stack)
                  20000004    000001fc     --HOLE--

MODULE SUMMARY

       Module                         code   ro data   rw data
       ------                         ----   -------   -------
    .\
       UART.obj                       752    0         0      
       tm4c123gh6pm_startup_ccs.obj   12     620       0      
       main.obj                       504    0         0      
       simulate.obj                   336    0         0      
       output_tf.obj                  0      68        44     
    +--+------------------------------+------+---------+---------+
       Total:                         1604   688       44     
                                                              
    C:/Keil/Labware/driverlib/ccs/Debug/driverlib.lib
       sysctl.obj                     6      0         0      
    +--+------------------------------+------+---------+---------+
       Total:                         6      0         0      
                                                              
    C:\ti\ccs930\ccs\tools\compiler\ti-cgt-arm_18.12.5.LTS\lib\rtsv7M4_T_le_v4SPD16_eabi.lib
       fd_cmp_t2.asm.obj              134    0         0      
       i_divt2.asm.obj                94     0         0      
       autoinit.c.obj                 68     0         0      
       fs_tod_t2.asm.obj              56     0         0      
       boot_cortex_m.c.obj            52     0         0      
       copy_zero_init.c.obj           28     0         0      
       exit.c.obj                     4      0         0      
       pre_init.c.obj                 4      0         0      
       div0.asm.obj                   2      0         0      
    +--+------------------------------+------+---------+---------+
       Total:                         442    0         0      
                                                              
       Stack:                         0      0         512    
       Linker Generated:              0      20        0      
    +--+------------------------------+------+---------+---------+
       Grand Total:                   2052   708       556    


LINKER GENERATED COPY TABLES

__TI_cinit_table @ 00000ac4 records: 1, size/record: 8, table size: 8
	.bss: load addr=00000ab8, load size=00000008 bytes, run addr=20000200, run size=0000002c bytes, compression=zero_init


LINKER GENERATED HANDLER TABLE

__TI_handler_table @ 00000ac0 records: 1, size/record: 4, table size: 4
	index: 0, handler: __TI_zero_init


GLOBAL SYMBOLS: SORTED ALPHABETICALLY BY Name 

address   name                          
-------   ----                          
00000a6b  C$$EXIT                       
00000a55  ResetISR                      
00000a61  SysCtlDelay                   
00000359  UART_RecieveNumber            
000003d5  UART_RecieveNumber_Polling    
0000026d  UART_init                     
000003a5  UART_recieveString            
0000033d  UART_sendByte                 
000003f7  UART_sendFloatNumber          
000002c5  UART_sendNumber               
00000375  UART_sendString               
20000200  __STACK_END                   
00000200  __STACK_SIZE                  
20000200  __STACK_TOP                   
00000ac4  __TI_CINIT_Base               
00000acc  __TI_CINIT_Limit              
00000ac0  __TI_Handler_Table_Base       
00000ac4  __TI_Handler_Table_Limit      
00000989  __TI_auto_init_nobinit_nopinit
ffffffff  __TI_pprof_out_hndl           
ffffffff  __TI_prof_data_size           
ffffffff  __TI_prof_data_start          
00000000  __TI_static_base__            
00000a39  __TI_zero_init_nomemset       
000008a5  __aeabi_cdrcmple              
000009cd  __aeabi_f2d                   
0000092b  __aeabi_idiv                  
00000a6f  __aeabi_idiv0                 
0000092b  __aeabi_idivmod               
00000a6f  __aeabi_ldiv0                 
ffffffff  __binit__                     
ffffffff  __c_args__                    
UNDEFED   __mpu_init                    
20000000  __stack                       
00000a05  _c_int00_noargs               
UNDEFED   _system_post_cinit            
00000a67  _system_pre_init              
00000a6b  abort                         
ffffffff  binit                         
20000220  c                             
00000755  control_system                
00000a90  den_cr                        
00000a70  den_ur                        
00000000  g_pfnVectors                  
0000055d  main                          
00000a9c  num_cr                        
00000a80  num_ur                        
20000200  r                             
00000aac  size_ncr                      
00000aa8  size_nur                      
00000ab0  size_r                        
20000210  u                             


GLOBAL SYMBOLS: SORTED BY Symbol Address 

address   name                          
-------   ----                          
00000000  __TI_static_base__            
00000000  g_pfnVectors                  
00000200  __STACK_SIZE                  
0000026d  UART_init                     
000002c5  UART_sendNumber               
0000033d  UART_sendByte                 
00000359  UART_RecieveNumber            
00000375  UART_sendString               
000003a5  UART_recieveString            
000003d5  UART_RecieveNumber_Polling    
000003f7  UART_sendFloatNumber          
0000055d  main                          
00000755  control_system                
000008a5  __aeabi_cdrcmple              
0000092b  __aeabi_idiv                  
0000092b  __aeabi_idivmod               
00000989  __TI_auto_init_nobinit_nopinit
000009cd  __aeabi_f2d                   
00000a05  _c_int00_noargs               
00000a39  __TI_zero_init_nomemset       
00000a55  ResetISR                      
00000a61  SysCtlDelay                   
00000a67  _system_pre_init              
00000a6b  C$$EXIT                       
00000a6b  abort                         
00000a6f  __aeabi_idiv0                 
00000a6f  __aeabi_ldiv0                 
00000a70  den_ur                        
00000a80  num_ur                        
00000a90  den_cr                        
00000a9c  num_cr                        
00000aa8  size_nur                      
00000aac  size_ncr                      
00000ab0  size_r                        
00000ac0  __TI_Handler_Table_Base       
00000ac4  __TI_CINIT_Base               
00000ac4  __TI_Handler_Table_Limit      
00000acc  __TI_CINIT_Limit              
20000000  __stack                       
20000200  __STACK_END                   
20000200  __STACK_TOP                   
20000200  r                             
20000210  u                             
20000220  c                             
ffffffff  __TI_pprof_out_hndl           
ffffffff  __TI_prof_data_size           
ffffffff  __TI_prof_data_start          
ffffffff  __binit__                     
ffffffff  __c_args__                    
ffffffff  binit                         
UNDEFED   __mpu_init                    
UNDEFED   _system_post_cinit            

[52 symbols]
